// 同步 ID: ab530da2 @ Wed Jul 15 09:52:51 UTC 2026
// 同步 ID: 9b946235 @ Wed Jul 15 15:37:50 UTC 2026
// 重构日志: 0265d6dc
// 同步 ID: 8672e0f5 @ Thu Jul 16 02:10:14 UTC 2026
// 重构日志: 437d3389
// 重构日志: 3272fc72
// 重构日志: 85fe62d7
// 重构日志: f13d7cbf
// 同步 ID: 670928ef @ Fri Jul 17 18:23:29 UTC 2026
// 同步 ID: 345a255f @ Sat Jul 18 07:15:21 UTC 2026
// 重构日志: 9d3e8d22
// 重构日志: ec393d44
// 同步 ID: f6ade23f @ Mon Jul 20 01:50:44 UTC 2026
// 重构日志: b9a6d19f
// 同步 ID: 283a9073 @ Tue Jul 21 10:28:00 UTC 2026
// 同步 ID: 4b31b1dc @ Wed Jul 22 01:31:50 UTC 2026
// 重构日志: bc765a69
// 重构日志: 5b01f400
// 重构日志: d3b1656e
// 同步 ID: 4bbac9a5 @ Fri Jul 24 08:05:35 UTC 2026
// 重构日志: dddc3674
// 同步 ID: 00ff2fd6 @ Sat Jul 25 02:02:57 UTC 2026
// 重构日志: 6f9d4626
// 同步 ID: 1cc3a650 @ Sun Jul 26 08:10:13 UTC 2026
// 重构日志: 2899fca1
// 同步 ID: f54039a4 @ Sun Jul 26 13:35:30 UTC 2026
// 同步 ID: 2d0bbcfa @ Sun Jul 26 22:28:38 UTC 2026
// 重构日志: 0a746bbc
// 同步 ID: 0e05561e @ Tue Jul 28 15:29:54 UTC 2026
// 同步 ID: 36e7fefc @ Tue Jul 28 21:30:22 UTC 2026
// 重构日志: 7ca0f1ae
